###############################################################################
#
# IAR ELF Linker V8.30.1.114/W32 for ARM                  09/Jul/2018  22:59:44
# Copyright 2007-2018 IAR Systems AB.
#
#    Output file  =  D:\IAR\LCD\Prroject1\Debug\Exe\Project.out
#    Map file     =  D:\IAR\LCD\Prroject1\Debug\List\Project.map
#    Command line =  
#        -f C:\Users\1510379\AppData\Local\Temp\EW8B36.tmp
#        (D:\IAR\LCD\Prroject1\Debug\Obj\lcd.o
#        D:\IAR\LCD\Prroject1\Debug\Obj\main.o
#        D:\IAR\LCD\Prroject1\Debug\Obj\startup_stm32f030.o
#        D:\IAR\LCD\Prroject1\Debug\Obj\stm32f0xx_adc.o
#        D:\IAR\LCD\Prroject1\Debug\Obj\stm32f0xx_can.o
#        D:\IAR\LCD\Prroject1\Debug\Obj\stm32f0xx_cec.o
#        D:\IAR\LCD\Prroject1\Debug\Obj\stm32f0xx_comp.o
#        D:\IAR\LCD\Prroject1\Debug\Obj\stm32f0xx_crc.o
#        D:\IAR\LCD\Prroject1\Debug\Obj\stm32f0xx_crs.o
#        D:\IAR\LCD\Prroject1\Debug\Obj\stm32f0xx_dac.o
#        D:\IAR\LCD\Prroject1\Debug\Obj\stm32f0xx_dbgmcu.o
#        D:\IAR\LCD\Prroject1\Debug\Obj\stm32f0xx_dma.o
#        D:\IAR\LCD\Prroject1\Debug\Obj\stm32f0xx_exti.o
#        D:\IAR\LCD\Prroject1\Debug\Obj\stm32f0xx_flash.o
#        D:\IAR\LCD\Prroject1\Debug\Obj\stm32f0xx_gpio.o
#        D:\IAR\LCD\Prroject1\Debug\Obj\stm32f0xx_i2c.o
#        D:\IAR\LCD\Prroject1\Debug\Obj\stm32f0xx_it.o
#        D:\IAR\LCD\Prroject1\Debug\Obj\stm32f0xx_iwdg.o
#        D:\IAR\LCD\Prroject1\Debug\Obj\stm32f0xx_misc.o
#        D:\IAR\LCD\Prroject1\Debug\Obj\stm32f0xx_pwr.o
#        D:\IAR\LCD\Prroject1\Debug\Obj\stm32f0xx_rcc.o
#        D:\IAR\LCD\Prroject1\Debug\Obj\stm32f0xx_rtc.o
#        D:\IAR\LCD\Prroject1\Debug\Obj\stm32f0xx_spi.o
#        D:\IAR\LCD\Prroject1\Debug\Obj\stm32f0xx_syscfg.o
#        D:\IAR\LCD\Prroject1\Debug\Obj\stm32f0xx_tim.o
#        D:\IAR\LCD\Prroject1\Debug\Obj\stm32f0xx_usart.o
#        D:\IAR\LCD\Prroject1\Debug\Obj\stm32f0xx_wwdg.o
#        D:\IAR\LCD\Prroject1\Debug\Obj\system_stm32f0xx.o --no_out_extension
#        -o D:\IAR\LCD\Prroject1\Debug\Exe\Project.out --map
#        D:\IAR\LCD\Prroject1\Debug\List\Project.map --config "C:\Program Files
#        (x86)\IAR Systems\Embedded Workbench
#        8.1\arm\config\linker\ST\stm32f030x4.icf" --semihosting --entry
#        __iar_program_start --vfe --text_out locale)
#
###############################################################################

*******************************************************************************
*** RUNTIME MODEL ATTRIBUTES
***

CppFlavor       = *
__SystemLibrary = DLib
__dlib_version  = 6


*******************************************************************************
*** HEAP SELECTION
***

The basic heap was selected because no calls to memory allocation
functions were found in the application outside of system library
functions, and there are calls to deallocation functions in the
application.


*******************************************************************************
*** PLACEMENT SUMMARY
***

"A0":  place at 0x800'0000 { ro section .intvec };
"P1":  place in [from 0x800'0000 to 0x800'3fff] { ro };
define block CSTACK with size = 1K, alignment = 8 { };
define block HEAP with size = 1K, alignment = 8 { };
"P2":  place in [from 0x2000'0000 to 0x2000'0fff] {
          rw, block CSTACK, block HEAP };

No sections matched the following patterns:

  rw  in "P2"


  Section   Kind         Address   Size  Object
  -------   ----         -------   ----  ------
"A0":                              0xb4
  .intvec   ro code   0x800'0000   0xb4  startup_stm32f030.o [1]
                    - 0x800'00b4   0xb4

"P1":                             0x4be
  .text     ro code   0x800'00b4  0x1a4  lcd.o [1]
  .text     ro code   0x800'0258   0x20  stm32f0xx_rcc.o [1]
  .text     ro code   0x800'0278   0xbe  stm32f0xx_gpio.o [1]
  .text     ro code   0x800'0336    0x2  startup_stm32f030.o [1]
  .text     ro code   0x800'0338  0x128  system_stm32f0xx.o [1]
  .text     ro code   0x800'0460   0x3c  main.o [1]
  .text     ro code   0x800'049c   0x3c  startup_stm32f030.o [1]
  .text     ro code   0x800'04d8   0x1e  cmain.o [3]
  .text     ro code   0x800'04f6    0x4  low_level_init.o [2]
  .text     ro code   0x800'04fa    0x8  exit.o [2]
  .text     ro code   0x800'0502    0x2  startup_stm32f030.o [1]
  .text     ro code   0x800'0504    0xa  cexit.o [3]
  .text     ro code   0x800'050e    0x2  startup_stm32f030.o [1]
  .text     ro code   0x800'0510   0x14  exit.o [4]
  .rodata   const     0x800'0524    0xc  main.o [1]
  .text     ro code   0x800'0530    0xc  stm32f0xx_it.o [1]
  .text     ro code   0x800'053c    0xc  cstartup_M.o [3]
  .text     ro code   0x800'0548    0x2  startup_stm32f030.o [1]
  .text     ro code   0x800'054a    0x2  startup_stm32f030.o [1]
  .text     ro code   0x800'054c    0x2  startup_stm32f030.o [1]
  .text     ro code   0x800'054e    0x2  startup_stm32f030.o [1]
  .text     ro code   0x800'0550    0x2  startup_stm32f030.o [1]
  .text     ro code   0x800'0552    0x2  startup_stm32f030.o [1]
  .text     ro code   0x800'0554    0x2  startup_stm32f030.o [1]
  .text     ro code   0x800'0556    0x2  startup_stm32f030.o [1]
  .text     ro code   0x800'0558    0x2  startup_stm32f030.o [1]
  .text     ro code   0x800'055a    0x2  startup_stm32f030.o [1]
  .text     ro code   0x800'055c    0x2  startup_stm32f030.o [1]
  .text     ro code   0x800'055e    0x2  startup_stm32f030.o [1]
  .text     ro code   0x800'0560    0x2  startup_stm32f030.o [1]
  .text     ro code   0x800'0562    0x2  startup_stm32f030.o [1]
  .text     ro code   0x800'0564    0x2  startup_stm32f030.o [1]
  .text     ro code   0x800'0566    0x2  startup_stm32f030.o [1]
  .text     ro code   0x800'0568    0x2  startup_stm32f030.o [1]
  .text     ro code   0x800'056a    0x2  startup_stm32f030.o [1]
  .text     ro code   0x800'056c    0x2  startup_stm32f030.o [1]
  .text     ro code   0x800'056e    0x2  startup_stm32f030.o [1]
  .text     ro code   0x800'0570    0x2  startup_stm32f030.o [1]
                    - 0x800'0572  0x4be

"P2":                             0x400
  CSTACK             0x2000'0000  0x400  <Block>
    CSTACK  uninit   0x2000'0000  0x400  <Block tail>
                   - 0x2000'0400  0x400

Unused ranges:

         From           To    Size
         ----           --    ----
   0x800'0572   0x800'3fff  0x3a8e
  0x2000'0400  0x2000'0fff   0xc00



*******************************************************************************
*** MODULE SUMMARY
***

    Module               ro code  ro data  rw data
    ------               -------  -------  -------
command line/config:
    ----------------------------------------------
    Total:

D:\IAR\LCD\Prroject1\Debug\Obj: [1]
    lcd.o                    420
    main.o                    60       12
    startup_stm32f030.o      288
    stm32f0xx_gpio.o         190
    stm32f0xx_it.o            12
    stm32f0xx_rcc.o           32
    system_stm32f0xx.o       296
    ----------------------------------------------
    Total:                 1 298       12

dl6M_tln.a: [2]
    exit.o                     8
    low_level_init.o           4
    ----------------------------------------------
    Total:                    12

rt6M_tl.a: [3]
    cexit.o                   10
    cmain.o                   30
    cstartup_M.o              12
    ----------------------------------------------
    Total:                    52

shb_l.a: [4]
    exit.o                    20
    ----------------------------------------------
    Total:                    20

    Linker created                           1 024
--------------------------------------------------
    Grand Total:           1 382       12    1 024


*******************************************************************************
*** ENTRY LIST
***

Entry                       Address  Size  Type      Object
-----                       -------  ----  ----      ------
?main                    0x800'04d9        Code  Gb  cmain.o [3]
CSTACK$$Base            0x2000'0000         --   Gb  - Linker created -
CSTACK$$Limit           0x2000'0400         --   Gb  - Linker created -
Enable                   0x800'00f3  0x28  Code  Gb  lcd.o [1]
GPIO_Init                0x800'0279  0xa2  Code  Gb  stm32f0xx_gpio.o [1]
GPIO_ResetBits           0x800'0321   0x4  Code  Gb  stm32f0xx_gpio.o [1]
GPIO_SetBits             0x800'031b   0x6  Code  Gb  stm32f0xx_gpio.o [1]
GPIO_WriteBit            0x800'0325  0x12  Code  Gb  stm32f0xx_gpio.o [1]
GPIO_setup               0x800'00b5  0x2c  Code  Gb  lcd.o [1]
HardFault_Handler        0x800'0533   0x4  Code  Gb  stm32f0xx_it.o [1]
NMI_Handler              0x800'0531   0x2  Code  Gb  stm32f0xx_it.o [1]
PendSV_Handler           0x800'0539   0x2  Code  Gb  stm32f0xx_it.o [1]
RCC_AHBPeriphClockCmd    0x800'0259  0x1c  Code  Gb  stm32f0xx_rcc.o [1]
Region$$Table$$Base             0x0         --   Gb  - Linker created -
Region$$Table$$Limit            0x0         --   Gb  - Linker created -
SVC_Handler              0x800'0537   0x2  Code  Gb  stm32f0xx_it.o [1]
SetSysClock              0x800'0391  0x98  Code  Lc  system_stm32f0xx.o [1]
SysTick_Handler          0x800'053b   0x2  Code  Gb  stm32f0xx_it.o [1]
SystemInit               0x800'0339  0x58  Code  Gb  system_stm32f0xx.o [1]
__ICFEDIT_region_RAM_end__ {Abs}
                        0x2000'0fff        Data  Gb  <internal module>
__ICFEDIT_region_RAM_start__ {Abs}
                        0x2000'0000        Data  Gb  <internal module>
__cmain                  0x800'04d9        Code  Gb  cmain.o [3]
__exit                   0x800'0511  0x14  Code  Gb  exit.o [4]
__iar_program_start      0x800'053d        Code  Gb  cstartup_M.o [3]
__low_level_init         0x800'04f7   0x4  Code  Gb  low_level_init.o [2]
__vector_table           0x800'0000        Data  Gb  startup_stm32f030.o [1]
_call_main               0x800'04e5        Code  Gb  cmain.o [3]
_exit                    0x800'0505        Code  Gb  cexit.o [3]
_main                    0x800'04f3        Code  Gb  cmain.o [3]
delay_us                 0x800'00e1  0x12  Code  Gb  lcd.o [1]
exit                     0x800'04fb   0x8  Code  Gb  exit.o [2]
gotoXY                   0x800'01f9  0x28  Code  Gb  lcd.o [1]
lcd_init                 0x800'018d  0x64  Code  Gb  lcd.o [1]
lcd_putchar              0x800'0221  0x22  Code  Gb  lcd.o [1]
lcd_putstring            0x800'0243  0x16  Code  Gb  lcd.o [1]
main                     0x800'0461  0x3c  Code  Gb  main.o [1]
send4bits                0x800'011b  0x52  Code  Gb  lcd.o [1]
send_command             0x800'016d  0x20  Code  Gb  lcd.o [1]


[1] = D:\IAR\LCD\Prroject1\Debug\Obj
[2] = dl6M_tln.a
[3] = rt6M_tl.a
[4] = shb_l.a

  1 382 bytes of readonly  code memory
     12 bytes of readonly  data memory
  1 024 bytes of readwrite data memory

Errors: none
Warnings: none
