###############################################################################
#
# IAR ELF Linker V8.30.1.114/W32 for ARM                  05/Jul/2018  14:14:54
# Copyright 2007-2018 IAR Systems AB.
#
#    Output file  =  D:\IAR\spi\Prroject1\Debug\Exe\Project.out
#    Map file     =  D:\IAR\spi\Prroject1\Debug\List\Project.map
#    Command line =  
#        -f C:\Users\1510379\AppData\Local\Temp\EW9FE2.tmp
#        (D:\IAR\spi\Prroject1\Debug\Obj\led7seg.o
#        D:\IAR\spi\Prroject1\Debug\Obj\main.o
#        D:\IAR\spi\Prroject1\Debug\Obj\spi.o
#        D:\IAR\spi\Prroject1\Debug\Obj\startup_stm32f030.o
#        D:\IAR\spi\Prroject1\Debug\Obj\stm32f0xx_adc.o
#        D:\IAR\spi\Prroject1\Debug\Obj\stm32f0xx_can.o
#        D:\IAR\spi\Prroject1\Debug\Obj\stm32f0xx_cec.o
#        D:\IAR\spi\Prroject1\Debug\Obj\stm32f0xx_comp.o
#        D:\IAR\spi\Prroject1\Debug\Obj\stm32f0xx_crc.o
#        D:\IAR\spi\Prroject1\Debug\Obj\stm32f0xx_crs.o
#        D:\IAR\spi\Prroject1\Debug\Obj\stm32f0xx_dac.o
#        D:\IAR\spi\Prroject1\Debug\Obj\stm32f0xx_dbgmcu.o
#        D:\IAR\spi\Prroject1\Debug\Obj\stm32f0xx_dma.o
#        D:\IAR\spi\Prroject1\Debug\Obj\stm32f0xx_exti.o
#        D:\IAR\spi\Prroject1\Debug\Obj\stm32f0xx_flash.o
#        D:\IAR\spi\Prroject1\Debug\Obj\stm32f0xx_gpio.o
#        D:\IAR\spi\Prroject1\Debug\Obj\stm32f0xx_i2c.o
#        D:\IAR\spi\Prroject1\Debug\Obj\stm32f0xx_it.o
#        D:\IAR\spi\Prroject1\Debug\Obj\stm32f0xx_iwdg.o
#        D:\IAR\spi\Prroject1\Debug\Obj\stm32f0xx_misc.o
#        D:\IAR\spi\Prroject1\Debug\Obj\stm32f0xx_pwr.o
#        D:\IAR\spi\Prroject1\Debug\Obj\stm32f0xx_rcc.o
#        D:\IAR\spi\Prroject1\Debug\Obj\stm32f0xx_rtc.o
#        D:\IAR\spi\Prroject1\Debug\Obj\stm32f0xx_spi.o
#        D:\IAR\spi\Prroject1\Debug\Obj\stm32f0xx_syscfg.o
#        D:\IAR\spi\Prroject1\Debug\Obj\stm32f0xx_tim.o
#        D:\IAR\spi\Prroject1\Debug\Obj\stm32f0xx_usart.o
#        D:\IAR\spi\Prroject1\Debug\Obj\stm32f0xx_wwdg.o
#        D:\IAR\spi\Prroject1\Debug\Obj\system_stm32f0xx.o --no_out_extension
#        -o D:\IAR\spi\Prroject1\Debug\Exe\Project.out --map
#        D:\IAR\spi\Prroject1\Debug\List\Project.map --config "C:\Program Files
#        (x86)\IAR Systems\Embedded Workbench
#        8.1\arm\config\linker\ST\stm32f030x4.icf" --semihosting --entry
#        __iar_program_start --vfe --text_out locale)
#
###############################################################################

*******************************************************************************
*** RUNTIME MODEL ATTRIBUTES
***

CppFlavor       = *
__SystemLibrary = DLib
__dlib_version  = 6


*******************************************************************************
*** HEAP SELECTION
***

The basic heap was selected because no calls to memory allocation
functions were found in the application outside of system library
functions, and there are calls to deallocation functions in the
application.


*******************************************************************************
*** PLACEMENT SUMMARY
***

"A0":  place at 0x800'0000 { ro section .intvec };
"P1":  place in [from 0x800'0000 to 0x800'3fff] { ro };
define block CSTACK with size = 1K, alignment = 8 { };
define block HEAP with size = 1K, alignment = 8 { };
"P2":  place in [from 0x2000'0000 to 0x2000'0fff] {
          rw, block CSTACK, block HEAP };
initialize by copy { rw };

  Section            Kind         Address   Size  Object
  -------            ----         -------   ----  ------
"A0":                                       0xb4
  .intvec            ro code   0x800'0000   0xb4  startup_stm32f030.o [1]
                             - 0x800'00b4   0xb4

"P1":                                      0x816
  .text              ro code   0x800'00b4  0x1bc  system_stm32f0xx.o [1]
  .text              ro code   0x800'0270   0xae  I32DivModFast.o [3]
  .text              ro code   0x800'031e    0x2  startup_stm32f030.o [1]
  .text              ro code   0x800'0320    0x2  IntDivZer.o [3]
  .text              ro code   0x800'0322    0x2  startup_stm32f030.o [1]
  .text              ro code   0x800'0324  0x10c  stm32f0xx_gpio.o [1]
  .text              ro code   0x800'0430   0xdc  spi.o [1]
  .text              ro code   0x800'050c   0x80  stm32f0xx_rcc.o [1]
  .text              ro code   0x800'058c   0xda  stm32f0xx_spi.o [1]
  .text              ro code   0x800'0666    0x2  startup_stm32f030.o [1]
  .text              ro code   0x800'0668   0xcc  led7seg.o [1]
  .text              ro code   0x800'0734   0x44  main.o [1]
  .text              ro code   0x800'0778   0x3c  startup_stm32f030.o [1]
  .text              ro code   0x800'07b4   0x30  copy_init3.o [3]
  .text              ro code   0x800'07e4   0x28  data_init.o [3]
  .iar.init_table    const     0x800'080c   0x14  - Linker created -
  Initializer bytes  const     0x800'0820   0x20  <for P2-1>
  .text              ro code   0x800'0840   0x1e  cmain.o [3]
  .text              ro code   0x800'085e    0x4  low_level_init.o [2]
  .text              ro code   0x800'0862    0x8  exit.o [2]
  .text              ro code   0x800'086a    0x2  startup_stm32f030.o [1]
  .text              ro code   0x800'086c    0xa  cexit.o [3]
  .text              ro code   0x800'0876    0x2  startup_stm32f030.o [1]
  .text              ro code   0x800'0878   0x14  exit.o [4]
  .text              ro code   0x800'088c    0xc  stm32f0xx_it.o [1]
  .text              ro code   0x800'0898    0xc  cstartup_M.o [3]
  .text              ro code   0x800'08a4    0x2  startup_stm32f030.o [1]
  .text              ro code   0x800'08a6    0x2  startup_stm32f030.o [1]
  .text              ro code   0x800'08a8    0x2  startup_stm32f030.o [1]
  .text              ro code   0x800'08aa    0x2  startup_stm32f030.o [1]
  .text              ro code   0x800'08ac    0x2  startup_stm32f030.o [1]
  .text              ro code   0x800'08ae    0x2  startup_stm32f030.o [1]
  .text              ro code   0x800'08b0    0x2  startup_stm32f030.o [1]
  .text              ro code   0x800'08b2    0x2  startup_stm32f030.o [1]
  .text              ro code   0x800'08b4    0x2  startup_stm32f030.o [1]
  .text              ro code   0x800'08b6    0x2  startup_stm32f030.o [1]
  .text              ro code   0x800'08b8    0x2  startup_stm32f030.o [1]
  .text              ro code   0x800'08ba    0x2  startup_stm32f030.o [1]
  .text              ro code   0x800'08bc    0x2  startup_stm32f030.o [1]
  .text              ro code   0x800'08be    0x2  startup_stm32f030.o [1]
  .text              ro code   0x800'08c0    0x2  startup_stm32f030.o [1]
  .text              ro code   0x800'08c2    0x2  startup_stm32f030.o [1]
  .text              ro code   0x800'08c4    0x2  startup_stm32f030.o [1]
  .text              ro code   0x800'08c6    0x2  startup_stm32f030.o [1]
  .text              ro code   0x800'08c8    0x2  startup_stm32f030.o [1]
  .rodata            const     0x800'08ca    0x0  copy_init3.o [3]
                             - 0x800'08ca  0x816

"P2", part 1 of 2:                          0x20
  P2-1                        0x2000'0000   0x20  <Init block>
    .data            inited   0x2000'0000    0xc  led7seg.o [1]
    .data            inited   0x2000'000c    0x4  system_stm32f0xx.o [1]
    .data            inited   0x2000'0010   0x10  system_stm32f0xx.o [1]
                            - 0x2000'0020   0x20

"P2", part 2 of 2:                         0x400
  CSTACK                      0x2000'0020  0x400  <Block>
    CSTACK           uninit   0x2000'0020  0x400  <Block tail>
                            - 0x2000'0420  0x400

Unused ranges:

         From           To    Size
         ----           --    ----
   0x800'08ca   0x800'3fff  0x3736
  0x2000'0420  0x2000'0fff   0xbe0


*******************************************************************************
*** INIT TABLE
***

          Address      Size
          -------      ----
Copy (__iar_copy_init3)
    1 source range, total size 0x20:
           0x800'0820  0x20
    1 destination range, total size 0x20:
          0x2000'0000  0x20



*******************************************************************************
*** MODULE SUMMARY
***

    Module               ro code  ro data  rw data
    ------               -------  -------  -------
command line/config:
    ----------------------------------------------
    Total:

D:\IAR\spi\Prroject1\Debug\Obj: [1]
    led7seg.o                204       12       12
    main.o                    68
    spi.o                    220
    startup_stm32f030.o      288
    stm32f0xx_gpio.o         268
    stm32f0xx_it.o            12
    stm32f0xx_rcc.o          128
    stm32f0xx_spi.o          218
    system_stm32f0xx.o       444       20       20
    ----------------------------------------------
    Total:                 1 850       32       32

dl6M_tln.a: [2]
    exit.o                     8
    low_level_init.o           4
    ----------------------------------------------
    Total:                    12

rt6M_tl.a: [3]
    I32DivModFast.o          174
    IntDivZer.o                2
    cexit.o                   10
    cmain.o                   30
    copy_init3.o              48
    cstartup_M.o              12
    data_init.o               40
    ----------------------------------------------
    Total:                   316

shb_l.a: [4]
    exit.o                    20
    ----------------------------------------------
    Total:                    20

    Linker created                     20    1 024
--------------------------------------------------
    Grand Total:           2 198       52    1 056


*******************************************************************************
*** ENTRY LIST
***

Entry                       Address  Size  Type      Object
-----                       -------  ----  ----      ------
.iar.init_table$$Base    0x800'080c         --   Gb  - Linker created -
.iar.init_table$$Limit   0x800'0820         --   Gb  - Linker created -
?main                    0x800'0841        Code  Gb  cmain.o [3]
AHBPrescTable           0x2000'0010  0x10  Data  Gb  system_stm32f0xx.o [1]
CSTACK$$Base            0x2000'0020         --   Gb  - Linker created -
CSTACK$$Limit           0x2000'0420         --   Gb  - Linker created -
GPIO_Init                0x800'0325  0xa2  Code  Gb  stm32f0xx_gpio.o [1]
GPIO_PinAFConfig         0x800'03d1  0x60  Code  Gb  stm32f0xx_gpio.o [1]
GPIO_ResetBits           0x800'03cd   0x4  Code  Gb  stm32f0xx_gpio.o [1]
GPIO_SetBits             0x800'03c7   0x6  Code  Gb  stm32f0xx_gpio.o [1]
HardFault_Handler        0x800'088f   0x4  Code  Gb  stm32f0xx_it.o [1]
NMI_Handler              0x800'088d   0x2  Code  Gb  stm32f0xx_it.o [1]
PendSV_Handler           0x800'0895   0x2  Code  Gb  stm32f0xx_it.o [1]
RCC_AHBPeriphClockCmd    0x800'050d  0x1c  Code  Gb  stm32f0xx_rcc.o [1]
RCC_APB1PeriphResetCmd   0x800'0561  0x1c  Code  Gb  stm32f0xx_rcc.o [1]
RCC_APB2PeriphClockCmd   0x800'0529  0x1c  Code  Gb  stm32f0xx_rcc.o [1]
RCC_APB2PeriphResetCmd   0x800'0545  0x1c  Code  Gb  stm32f0xx_rcc.o [1]
Region$$Table$$Base      0x800'080c         --   Gb  - Linker created -
Region$$Table$$Limit     0x800'0820         --   Gb  - Linker created -
SPI_Cmd                  0x800'0615  0x1c  Code  Gb  stm32f0xx_spi.o [1]
SPI_I2S_DeInit           0x800'058d  0x3a  Code  Gb  stm32f0xx_spi.o [1]
SPI_I2S_GetFlagStatus    0x800'0651  0x16  Code  Gb  stm32f0xx_spi.o [1]
SPI_Init                 0x800'05c7  0x4e  Code  Gb  stm32f0xx_spi.o [1]
SPI_SendData8            0x800'0631   0x8  Code  Gb  stm32f0xx_spi.o [1]
SVC_Handler              0x800'0893   0x2  Code  Gb  stm32f0xx_it.o [1]
SetSysClock              0x800'0193  0x98  Code  Lc  system_stm32f0xx.o [1]
SysTick_Handler          0x800'0897   0x2  Code  Gb  stm32f0xx_it.o [1]
SystemCoreClock         0x2000'000c   0x4  Data  Gb  system_stm32f0xx.o [1]
SystemCoreClockUpdate    0x800'010d  0x86  Code  Gb  system_stm32f0xx.o [1]
SystemInit               0x800'00b5  0x58  Code  Gb  system_stm32f0xx.o [1]
__ICFEDIT_region_RAM_end__ {Abs}
                        0x2000'0fff        Data  Gb  <internal module>
__ICFEDIT_region_RAM_start__ {Abs}
                        0x2000'0000        Data  Gb  <internal module>
__aeabi_idiv0            0x800'0321        Code  Gb  IntDivZer.o [3]
__aeabi_uidiv            0x800'0271        Code  Gb  I32DivModFast.o [3]
__aeabi_uidivmod         0x800'0271        Code  Gb  I32DivModFast.o [3]
__cmain                  0x800'0841        Code  Gb  cmain.o [3]
__exit                   0x800'0879  0x14  Code  Gb  exit.o [4]
__iar_copy_init3         0x800'07b5  0x30  Code  Gb  copy_init3.o [3]
__iar_data_init3         0x800'07e5  0x28  Code  Gb  data_init.o [3]
__iar_program_start      0x800'0899        Code  Gb  cstartup_M.o [3]
__low_level_init         0x800'085f   0x4  Code  Gb  low_level_init.o [2]
__vector_table           0x800'0000        Data  Gb  startup_stm32f030.o [1]
_call_main               0x800'084d        Code  Gb  cmain.o [3]
_exit                    0x800'086d        Code  Gb  cexit.o [3]
_main                    0x800'085b        Code  Gb  cmain.o [3]
exit                     0x800'0863   0x8  Code  Gb  exit.o [2]
hienthi                  0x800'0669  0xcc  Code  Gb  led7seg.o [1]
main                     0x800'0735  0x44  Code  Gb  main.o [1]
so                      0x2000'0000   0xc  Data  Gb  led7seg.o [1]
spi_config               0x800'0431  0xba  Code  Gb  spi.o [1]
spi_senddata8            0x800'04eb  0x1e  Code  Gb  spi.o [1]


[1] = D:\IAR\spi\Prroject1\Debug\Obj
[2] = dl6M_tln.a
[3] = rt6M_tl.a
[4] = shb_l.a

  2 198 bytes of readonly  code memory
     52 bytes of readonly  data memory
  1 056 bytes of readwrite data memory

Errors: none
Warnings: none
