###############################################################################
#
# IAR ELF Linker V8.30.1.114/W32 for ARM                  30/Jun/2018  12:55:14
# Copyright 2007-2018 IAR Systems AB.
#
#    Output file  =  D:\IAR\i2c\Prroject1\Debug\Exe\Project.out
#    Map file     =  D:\IAR\i2c\Prroject1\Debug\List\Project.map
#    Command line =  
#        -f C:\Users\1510379\AppData\Local\Temp\EW73C6.tmp
#        (D:\IAR\i2c\Prroject1\Debug\Obj\i2c.o
#        D:\IAR\i2c\Prroject1\Debug\Obj\main.o
#        D:\IAR\i2c\Prroject1\Debug\Obj\MPU6050.o
#        D:\IAR\i2c\Prroject1\Debug\Obj\startup_stm32f030.o
#        D:\IAR\i2c\Prroject1\Debug\Obj\stm32f0xx_adc.o
#        D:\IAR\i2c\Prroject1\Debug\Obj\stm32f0xx_can.o
#        D:\IAR\i2c\Prroject1\Debug\Obj\stm32f0xx_cec.o
#        D:\IAR\i2c\Prroject1\Debug\Obj\stm32f0xx_comp.o
#        D:\IAR\i2c\Prroject1\Debug\Obj\stm32f0xx_crc.o
#        D:\IAR\i2c\Prroject1\Debug\Obj\stm32f0xx_crs.o
#        D:\IAR\i2c\Prroject1\Debug\Obj\stm32f0xx_dac.o
#        D:\IAR\i2c\Prroject1\Debug\Obj\stm32f0xx_dbgmcu.o
#        D:\IAR\i2c\Prroject1\Debug\Obj\stm32f0xx_dma.o
#        D:\IAR\i2c\Prroject1\Debug\Obj\stm32f0xx_exti.o
#        D:\IAR\i2c\Prroject1\Debug\Obj\stm32f0xx_flash.o
#        D:\IAR\i2c\Prroject1\Debug\Obj\stm32f0xx_gpio.o
#        D:\IAR\i2c\Prroject1\Debug\Obj\stm32f0xx_i2c.o
#        D:\IAR\i2c\Prroject1\Debug\Obj\stm32f0xx_it.o
#        D:\IAR\i2c\Prroject1\Debug\Obj\stm32f0xx_iwdg.o
#        D:\IAR\i2c\Prroject1\Debug\Obj\stm32f0xx_misc.o
#        D:\IAR\i2c\Prroject1\Debug\Obj\stm32f0xx_pwr.o
#        D:\IAR\i2c\Prroject1\Debug\Obj\stm32f0xx_rcc.o
#        D:\IAR\i2c\Prroject1\Debug\Obj\stm32f0xx_rtc.o
#        D:\IAR\i2c\Prroject1\Debug\Obj\stm32f0xx_spi.o
#        D:\IAR\i2c\Prroject1\Debug\Obj\stm32f0xx_syscfg.o
#        D:\IAR\i2c\Prroject1\Debug\Obj\stm32f0xx_tim.o
#        D:\IAR\i2c\Prroject1\Debug\Obj\stm32f0xx_usart.o
#        D:\IAR\i2c\Prroject1\Debug\Obj\stm32f0xx_wwdg.o
#        D:\IAR\i2c\Prroject1\Debug\Obj\system_stm32f0xx.o --no_out_extension
#        -o D:\IAR\i2c\Prroject1\Debug\Exe\Project.out --map
#        D:\IAR\i2c\Prroject1\Debug\List\Project.map --config "C:\Program Files
#        (x86)\IAR Systems\Embedded Workbench
#        8.1\arm\config\linker\ST\stm32f030x4.icf" --semihosting --entry
#        __iar_program_start --vfe --text_out locale)
#
###############################################################################

*******************************************************************************
*** RUNTIME MODEL ATTRIBUTES
***

CppFlavor       = *
__SystemLibrary = DLib
__dlib_version  = 6


*******************************************************************************
*** HEAP SELECTION
***

The basic heap was selected because no calls to memory allocation
functions were found in the application outside of system library
functions, and there are calls to deallocation functions in the
application.


*******************************************************************************
*** PLACEMENT SUMMARY
***

"A0":  place at 0x800'0000 { ro section .intvec };
"P1":  place in [from 0x800'0000 to 0x800'3fff] { ro };
define block CSTACK with size = 1K, alignment = 8 { };
define block HEAP with size = 1K, alignment = 8 { };
"P2":  place in [from 0x2000'0000 to 0x2000'0fff] {
          rw, block CSTACK, block HEAP };
initialize by copy { rw };

  Section            Kind         Address   Size  Object
  -------            ----         -------   ----  ------
"A0":                                       0xb4
  .intvec            ro code   0x800'0000   0xb4  startup_stm32f030.o [1]
                             - 0x800'00b4   0xb4

"P1":                                      0x822
  .text              ro code   0x800'00b4  0x1bc  system_stm32f0xx.o [1]
  .text              ro code   0x800'0270   0xae  I32DivModFast.o [3]
  .text              ro code   0x800'031e    0x2  startup_stm32f030.o [1]
  .text              ro code   0x800'0320    0x2  IntDivZer.o [3]
  .text              ro code   0x800'0322    0x2  startup_stm32f030.o [1]
  .text              ro code   0x800'0324  0x1a4  i2c.o [1]
  .text              ro code   0x800'04c8   0x60  stm32f0xx_rcc.o [1]
  .text              ro code   0x800'0528  0x102  stm32f0xx_gpio.o [1]
  .text              ro code   0x800'062a    0x2  startup_stm32f030.o [1]
  .text              ro code   0x800'062c  0x116  stm32f0xx_i2c.o [1]
  .text              ro code   0x800'0742    0x2  startup_stm32f030.o [1]
  .text              ro code   0x800'0744   0x3c  startup_stm32f030.o [1]
  .text              ro code   0x800'0780   0x3c  packbits_init_single.o [3]
  .text              ro code   0x800'07bc   0x28  MPU6050.o [1]
  .text              ro code   0x800'07e4   0x28  data_init.o [3]
  .iar.init_table    const     0x800'080c   0x10  - Linker created -
  .text              ro code   0x800'081c   0x20  main.o [1]
  .text              ro code   0x800'083c   0x1e  cmain.o [3]
  .text              ro code   0x800'085a    0x4  low_level_init.o [2]
  .text              ro code   0x800'085e    0x8  exit.o [2]
  .text              ro code   0x800'0866    0x2  startup_stm32f030.o [1]
  .text              ro code   0x800'0868    0xa  cexit.o [3]
  .text              ro code   0x800'0872    0x2  startup_stm32f030.o [1]
  .text              ro code   0x800'0874   0x14  exit.o [4]
  .text              ro code   0x800'0888    0xc  stm32f0xx_it.o [1]
  .text              ro code   0x800'0894    0xc  cstartup_M.o [3]
  .text              ro code   0x800'08a0    0x2  startup_stm32f030.o [1]
  .text              ro code   0x800'08a2    0x2  startup_stm32f030.o [1]
  .text              ro code   0x800'08a4    0x2  startup_stm32f030.o [1]
  .text              ro code   0x800'08a6    0x2  startup_stm32f030.o [1]
  .text              ro code   0x800'08a8    0x2  startup_stm32f030.o [1]
  .text              ro code   0x800'08aa    0x2  startup_stm32f030.o [1]
  .text              ro code   0x800'08ac    0x2  startup_stm32f030.o [1]
  .text              ro code   0x800'08ae    0x2  startup_stm32f030.o [1]
  .text              ro code   0x800'08b0    0x2  startup_stm32f030.o [1]
  .text              ro code   0x800'08b2    0x2  startup_stm32f030.o [1]
  .text              ro code   0x800'08b4    0x2  startup_stm32f030.o [1]
  .text              ro code   0x800'08b6    0x2  startup_stm32f030.o [1]
  .text              ro code   0x800'08b8    0x2  startup_stm32f030.o [1]
  .text              ro code   0x800'08ba    0x2  startup_stm32f030.o [1]
  .text              ro code   0x800'08bc    0x2  startup_stm32f030.o [1]
  .text              ro code   0x800'08be    0x2  startup_stm32f030.o [1]
  .text              ro code   0x800'08c0    0x2  startup_stm32f030.o [1]
  .text              ro code   0x800'08c2    0x2  startup_stm32f030.o [1]
  .rodata            const     0x800'08c4    0x0  packbits_init_single.o [3]
  Initializer bytes  const     0x800'08c4   0x12  <for P2-1>
                             - 0x800'08d6  0x822

"P2", part 1 of 2:                          0x24
  P2-1                        0x2000'0000   0x24  <Init block>
    .data            inited   0x2000'0000    0x4  system_stm32f0xx.o [1]
    .data            inited   0x2000'0004   0x10  system_stm32f0xx.o [1]
    .bss             inited   0x2000'0014   0x10  MPU6050.o [1]
                            - 0x2000'0024   0x24

"P2", part 2 of 2:                         0x400
  CSTACK                      0x2000'0028  0x400  <Block>
    CSTACK           uninit   0x2000'0028  0x400  <Block tail>
                            - 0x2000'0428  0x400

Unused ranges:

         From           To    Size
         ----           --    ----
   0x800'08d6   0x800'3fff  0x372a
  0x2000'0024  0x2000'0027     0x4
  0x2000'0428  0x2000'0fff   0xbd8


*******************************************************************************
*** INIT TABLE
***

          Address      Size
          -------      ----
Copy/packbits (__iar_packbits_init_single3)
    1 source range, total size 0x12 (50% of destination):
           0x800'08c4  0x12
    1 destination range, total size 0x24:
          0x2000'0000  0x24



*******************************************************************************
*** MODULE SUMMARY
***

    Module                  ro code  ro data  rw data
    ------                  -------  -------  -------
command line/config:
    -------------------------------------------------
    Total:

D:\IAR\i2c\Prroject1\Debug\Obj: [1]
    MPU6050.o                    40        8       16
    i2c.o                       420
    main.o                       32
    startup_stm32f030.o         288
    stm32f0xx_gpio.o            258
    stm32f0xx_i2c.o             278
    stm32f0xx_it.o               12
    stm32f0xx_rcc.o              96
    system_stm32f0xx.o          444       10       20
    -------------------------------------------------
    Total:                    1 868       18       36

dl6M_tln.a: [2]
    exit.o                        8
    low_level_init.o              4
    -------------------------------------------------
    Total:                       12

rt6M_tl.a: [3]
    I32DivModFast.o             174
    IntDivZer.o                   2
    cexit.o                      10
    cmain.o                      30
    cstartup_M.o                 12
    data_init.o                  40
    packbits_init_single.o       60
    -------------------------------------------------
    Total:                      328

shb_l.a: [4]
    exit.o                       20
    -------------------------------------------------
    Total:                       20

    Linker created                        16    1 024
-----------------------------------------------------
    Grand Total:              2 228       34    1 060


*******************************************************************************
*** ENTRY LIST
***

Entry                       Address   Size  Type      Object
-----                       -------   ----  ----      ------
.iar.init_table$$Base    0x800'080c          --   Gb  - Linker created -
.iar.init_table$$Limit   0x800'081c          --   Gb  - Linker created -
?main                    0x800'083d         Code  Gb  cmain.o [3]
AHBPrescTable           0x2000'0004   0x10  Data  Gb  system_stm32f0xx.o [1]
CSTACK$$Base            0x2000'0028          --   Gb  - Linker created -
CSTACK$$Limit           0x2000'0428          --   Gb  - Linker created -
GPIO_Init                0x800'0529   0xa2  Code  Gb  stm32f0xx_gpio.o [1]
GPIO_PinAFConfig         0x800'05cb   0x60  Code  Gb  stm32f0xx_gpio.o [1]
HardFault_Handler        0x800'088b    0x4  Code  Gb  stm32f0xx_it.o [1]
I2C_ClearFlag            0x800'073f    0x4  Code  Gb  stm32f0xx_i2c.o [1]
I2C_Cmd                  0x800'06bf   0x1c  Code  Gb  stm32f0xx_i2c.o [1]
I2C_DeInit               0x800'062d   0x34  Code  Gb  stm32f0xx_i2c.o [1]
I2C_GetFlagStatus        0x800'0725   0x1a  Code  Gb  stm32f0xx_i2c.o [1]
I2C_Init                 0x800'0661   0x5e  Code  Gb  stm32f0xx_i2c.o [1]
I2C_ReadReg              0x800'03ad  0x11c  Code  Gb  i2c.o [1]
I2C_ReceiveData          0x800'071f    0x6  Code  Gb  stm32f0xx_i2c.o [1]
I2C_SendData             0x800'0719    0x6  Code  Gb  stm32f0xx_i2c.o [1]
I2C_TransferHandling     0x800'06e1   0x24  Code  Gb  stm32f0xx_i2c.o [1]
MPU6050_AccelerationZ    0x800'07bd   0x20  Code  Gb  MPU6050.o [1]
NMI_Handler              0x800'0889    0x2  Code  Gb  stm32f0xx_it.o [1]
PendSV_Handler           0x800'0891    0x2  Code  Gb  stm32f0xx_it.o [1]
RCC_AHBPeriphClockCmd    0x800'04c9   0x1c  Code  Gb  stm32f0xx_rcc.o [1]
RCC_APB1PeriphClockCmd   0x800'04e5   0x1c  Code  Gb  stm32f0xx_rcc.o [1]
RCC_APB1PeriphResetCmd   0x800'0501   0x1c  Code  Gb  stm32f0xx_rcc.o [1]
Region$$Table$$Base      0x800'080c          --   Gb  - Linker created -
Region$$Table$$Limit     0x800'081c          --   Gb  - Linker created -
SVC_Handler              0x800'088f    0x2  Code  Gb  stm32f0xx_it.o [1]
SetSysClock              0x800'0193   0x98  Code  Lc  system_stm32f0xx.o [1]
SysTick_Handler          0x800'0893    0x2  Code  Gb  stm32f0xx_it.o [1]
SystemCoreClock         0x2000'0000    0x4  Data  Gb  system_stm32f0xx.o [1]
SystemCoreClockUpdate    0x800'010d   0x86  Code  Gb  system_stm32f0xx.o [1]
SystemInit               0x800'00b5   0x58  Code  Gb  system_stm32f0xx.o [1]
__ICFEDIT_region_RAM_end__ {Abs}
                        0x2000'0fff         Data  Gb  <internal module>
__ICFEDIT_region_RAM_start__ {Abs}
                        0x2000'0000         Data  Gb  <internal module>
__aeabi_idiv0            0x800'0321         Code  Gb  IntDivZer.o [3]
__aeabi_uidiv            0x800'0271         Code  Gb  I32DivModFast.o [3]
__aeabi_uidivmod         0x800'0271         Code  Gb  I32DivModFast.o [3]
__cmain                  0x800'083d         Code  Gb  cmain.o [3]
__exit                   0x800'0875   0x14  Code  Gb  exit.o [4]
__iar_data_init3         0x800'07e5   0x28  Code  Gb  data_init.o [3]
__iar_packbits_init_single3
                         0x800'0781   0x3c  Code  Gb  packbits_init_single.o [3]
__iar_program_start      0x800'0895         Code  Gb  cstartup_M.o [3]
__low_level_init         0x800'085b    0x4  Code  Gb  low_level_init.o [2]
__vector_table           0x800'0000         Data  Gb  startup_stm32f030.o [1]
_call_main               0x800'0849         Code  Gb  cmain.o [3]
_exit                    0x800'0869         Code  Gb  cexit.o [3]
_main                    0x800'0857         Code  Gb  cmain.o [3]
exit                     0x800'085f    0x8  Code  Gb  exit.o [2]
i2c_config               0x800'0325   0x7e  Code  Gb  i2c.o [1]
main                     0x800'081d   0x20  Code  Gb  main.o [1]
mpu6050                 0x2000'0014   0x10  Data  Gb  MPU6050.o [1]


[1] = D:\IAR\i2c\Prroject1\Debug\Obj
[2] = dl6M_tln.a
[3] = rt6M_tl.a
[4] = shb_l.a

  2 228 bytes of readonly  code memory
     34 bytes of readonly  data memory
  1 060 bytes of readwrite data memory

Errors: none
Warnings: none
