###############################################################################
#
# IAR ELF Linker V8.30.1.114/W32 for ARM                  12/Jul/2018  12:03:36
# Copyright 2007-2018 IAR Systems AB.
#
#    Output file  =  D:\IAR\i2c\Prroject1\Debug\Exe\Project.out
#    Map file     =  D:\IAR\i2c\Prroject1\Debug\List\Project.map
#    Command line =  
#        -f C:\Users\1510379\AppData\Local\Temp\EWE385.tmp
#        (D:\IAR\i2c\Prroject1\Debug\Obj\i2c.o
#        D:\IAR\i2c\Prroject1\Debug\Obj\main.o
#        D:\IAR\i2c\Prroject1\Debug\Obj\MPU6050.o
#        D:\IAR\i2c\Prroject1\Debug\Obj\RTC.o
#        D:\IAR\i2c\Prroject1\Debug\Obj\startup_stm32f030.o
#        D:\IAR\i2c\Prroject1\Debug\Obj\stm32f0xx_adc.o
#        D:\IAR\i2c\Prroject1\Debug\Obj\stm32f0xx_can.o
#        D:\IAR\i2c\Prroject1\Debug\Obj\stm32f0xx_cec.o
#        D:\IAR\i2c\Prroject1\Debug\Obj\stm32f0xx_comp.o
#        D:\IAR\i2c\Prroject1\Debug\Obj\stm32f0xx_crc.o
#        D:\IAR\i2c\Prroject1\Debug\Obj\stm32f0xx_crs.o
#        D:\IAR\i2c\Prroject1\Debug\Obj\stm32f0xx_dac.o
#        D:\IAR\i2c\Prroject1\Debug\Obj\stm32f0xx_dbgmcu.o
#        D:\IAR\i2c\Prroject1\Debug\Obj\stm32f0xx_dma.o
#        D:\IAR\i2c\Prroject1\Debug\Obj\stm32f0xx_exti.o
#        D:\IAR\i2c\Prroject1\Debug\Obj\stm32f0xx_flash.o
#        D:\IAR\i2c\Prroject1\Debug\Obj\stm32f0xx_gpio.o
#        D:\IAR\i2c\Prroject1\Debug\Obj\stm32f0xx_i2c.o
#        D:\IAR\i2c\Prroject1\Debug\Obj\stm32f0xx_it.o
#        D:\IAR\i2c\Prroject1\Debug\Obj\stm32f0xx_iwdg.o
#        D:\IAR\i2c\Prroject1\Debug\Obj\stm32f0xx_misc.o
#        D:\IAR\i2c\Prroject1\Debug\Obj\stm32f0xx_pwr.o
#        D:\IAR\i2c\Prroject1\Debug\Obj\stm32f0xx_rcc.o
#        D:\IAR\i2c\Prroject1\Debug\Obj\stm32f0xx_rtc.o
#        D:\IAR\i2c\Prroject1\Debug\Obj\stm32f0xx_spi.o
#        D:\IAR\i2c\Prroject1\Debug\Obj\stm32f0xx_syscfg.o
#        D:\IAR\i2c\Prroject1\Debug\Obj\stm32f0xx_tim.o
#        D:\IAR\i2c\Prroject1\Debug\Obj\stm32f0xx_usart.o
#        D:\IAR\i2c\Prroject1\Debug\Obj\stm32f0xx_wwdg.o
#        D:\IAR\i2c\Prroject1\Debug\Obj\system_stm32f0xx.o --no_out_extension
#        -o D:\IAR\i2c\Prroject1\Debug\Exe\Project.out --map
#        D:\IAR\i2c\Prroject1\Debug\List\Project.map --config "C:\Program Files
#        (x86)\IAR Systems\Embedded Workbench
#        8.1\arm\config\linker\ST\stm32f030x4.icf" --semihosting --entry
#        __iar_program_start --vfe --text_out locale)
#
###############################################################################

*******************************************************************************
*** RUNTIME MODEL ATTRIBUTES
***

CppFlavor       = *
__SystemLibrary = DLib
__dlib_version  = 6


*******************************************************************************
*** HEAP SELECTION
***

The basic heap was selected because no calls to memory allocation
functions were found in the application outside of system library
functions, and there are calls to deallocation functions in the
application.


*******************************************************************************
*** PLACEMENT SUMMARY
***

"A0":  place at 0x800'0000 { ro section .intvec };
"P1":  place in [from 0x800'0000 to 0x800'3fff] { ro };
define block CSTACK with size = 1K, alignment = 8 { };
define block HEAP with size = 1K, alignment = 8 { };
"P2":  place in [from 0x2000'0000 to 0x2000'0fff] {
          rw, block CSTACK, block HEAP };
initialize by copy { rw };

  Section            Kind         Address   Size  Object
  -------            ----         -------   ----  ------
"A0":                                       0xb4
  .intvec            ro code   0x800'0000   0xb4  startup_stm32f030.o [1]
                             - 0x800'00b4   0xb4

"P1":                                      0x904
  .text              ro code   0x800'00b4  0x1bc  system_stm32f0xx.o [1]
  .text              ro code   0x800'0270   0xe0  I32DivModFast.o [3]
  .text              ro code   0x800'0350    0x2  IntDivZer.o [3]
  .text              ro code   0x800'0352    0x2  startup_stm32f030.o [1]
  .text              ro code   0x800'0354  0x1a0  i2c.o [1]
  .text              ro code   0x800'04f4   0x60  stm32f0xx_rcc.o [1]
  .text              ro code   0x800'0554  0x102  stm32f0xx_gpio.o [1]
  .text              ro code   0x800'0656    0x2  startup_stm32f030.o [1]
  .text              ro code   0x800'0658  0x116  stm32f0xx_i2c.o [1]
  .text              ro code   0x800'076e    0x2  startup_stm32f030.o [1]
  .text              ro code   0x800'0770   0xec  RTC.o [1]
  .text              ro code   0x800'085c   0x3c  startup_stm32f030.o [1]
  .text              ro code   0x800'0898   0x30  copy_init3.o [3]
  .text              ro code   0x800'08c8   0x28  data_init.o [3]
  .iar.init_table    const     0x800'08f0   0x14  - Linker created -
  .text              ro code   0x800'0904   0x1e  cmain.o [3]
  .text              ro code   0x800'0922    0x4  low_level_init.o [2]
  .text              ro code   0x800'0926   0x16  main.o [1]
  .text              ro code   0x800'093c    0x8  exit.o [2]
  .text              ro code   0x800'0944    0xa  cexit.o [3]
  .text              ro code   0x800'094e    0x2  startup_stm32f030.o [1]
  .text              ro code   0x800'0950   0x14  exit.o [4]
  Initializer bytes  const     0x800'0964   0x14  <for P2-1>
  .text              ro code   0x800'0978    0xc  stm32f0xx_it.o [1]
  .text              ro code   0x800'0984    0xc  cstartup_M.o [3]
  .text              ro code   0x800'0990    0x2  startup_stm32f030.o [1]
  .text              ro code   0x800'0992    0x2  startup_stm32f030.o [1]
  .text              ro code   0x800'0994    0x2  startup_stm32f030.o [1]
  .text              ro code   0x800'0996    0x2  startup_stm32f030.o [1]
  .text              ro code   0x800'0998    0x2  startup_stm32f030.o [1]
  .text              ro code   0x800'099a    0x2  startup_stm32f030.o [1]
  .text              ro code   0x800'099c    0x2  startup_stm32f030.o [1]
  .text              ro code   0x800'099e    0x2  startup_stm32f030.o [1]
  .text              ro code   0x800'09a0    0x2  startup_stm32f030.o [1]
  .text              ro code   0x800'09a2    0x2  startup_stm32f030.o [1]
  .text              ro code   0x800'09a4    0x2  startup_stm32f030.o [1]
  .text              ro code   0x800'09a6    0x2  startup_stm32f030.o [1]
  .text              ro code   0x800'09a8    0x2  startup_stm32f030.o [1]
  .text              ro code   0x800'09aa    0x2  startup_stm32f030.o [1]
  .text              ro code   0x800'09ac    0x2  startup_stm32f030.o [1]
  .text              ro code   0x800'09ae    0x2  startup_stm32f030.o [1]
  .text              ro code   0x800'09b0    0x2  startup_stm32f030.o [1]
  .text              ro code   0x800'09b2    0x2  startup_stm32f030.o [1]
  .text              ro code   0x800'09b4    0x2  startup_stm32f030.o [1]
  .text              ro code   0x800'09b6    0x2  startup_stm32f030.o [1]
  .rodata            const     0x800'09b8    0x0  copy_init3.o [3]
                             - 0x800'09b8  0x904

"P2", part 1 of 2:                          0x14
  P2-1                        0x2000'0000   0x14  <Init block>
    .data            inited   0x2000'0000    0x4  system_stm32f0xx.o [1]
    .data            inited   0x2000'0004   0x10  system_stm32f0xx.o [1]
                            - 0x2000'0014   0x14

"P2", part 2 of 2:                         0x400
  CSTACK                      0x2000'0018  0x400  <Block>
    CSTACK           uninit   0x2000'0018  0x400  <Block tail>
                            - 0x2000'0418  0x400

Unused ranges:

         From           To    Size
         ----           --    ----
   0x800'09b8   0x800'3fff  0x3648
  0x2000'0014  0x2000'0017     0x4
  0x2000'0418  0x2000'0fff   0xbe8


*******************************************************************************
*** INIT TABLE
***

          Address      Size
          -------      ----
Copy (__iar_copy_init3)
    1 source range, total size 0x14:
           0x800'0964  0x14
    1 destination range, total size 0x14:
          0x2000'0000  0x14



*******************************************************************************
*** MODULE SUMMARY
***

    Module               ro code  ro data  rw data
    ------               -------  -------  -------
command line/config:
    ----------------------------------------------
    Total:

D:\IAR\i2c\Prroject1\Debug\Obj: [1]
    RTC.o                    236
    i2c.o                    416
    main.o                    22
    startup_stm32f030.o      288
    stm32f0xx_gpio.o         258
    stm32f0xx_i2c.o          278
    stm32f0xx_it.o            12
    stm32f0xx_rcc.o           96
    system_stm32f0xx.o       444       20       20
    ----------------------------------------------
    Total:                 2 050       20       20

dl6M_tln.a: [2]
    exit.o                     8
    low_level_init.o           4
    ----------------------------------------------
    Total:                    12

rt6M_tl.a: [3]
    I32DivModFast.o          224
    IntDivZer.o                2
    cexit.o                   10
    cmain.o                   30
    copy_init3.o              48
    cstartup_M.o              12
    data_init.o               40
    ----------------------------------------------
    Total:                   366

shb_l.a: [4]
    exit.o                    20
    ----------------------------------------------
    Total:                    20

    Linker created                     20    1 024
--------------------------------------------------
    Grand Total:           2 448       40    1 044


*******************************************************************************
*** ENTRY LIST
***

Entry                       Address   Size  Type      Object
-----                       -------   ----  ----      ------
.iar.init_table$$Base    0x800'08f0          --   Gb  - Linker created -
.iar.init_table$$Limit   0x800'0904          --   Gb  - Linker created -
?main                    0x800'0905         Code  Gb  cmain.o [3]
AHBPrescTable           0x2000'0004   0x10  Data  Gb  system_stm32f0xx.o [1]
CSTACK$$Base            0x2000'0018          --   Gb  - Linker created -
CSTACK$$Limit           0x2000'0418          --   Gb  - Linker created -
GPIO_Init                0x800'0555   0xa2  Code  Gb  stm32f0xx_gpio.o [1]
GPIO_PinAFConfig         0x800'05f7   0x60  Code  Gb  stm32f0xx_gpio.o [1]
HardFault_Handler        0x800'097b    0x4  Code  Gb  stm32f0xx_it.o [1]
I2C_ClearFlag            0x800'076b    0x4  Code  Gb  stm32f0xx_i2c.o [1]
I2C_Cmd                  0x800'06eb   0x1c  Code  Gb  stm32f0xx_i2c.o [1]
I2C_DeInit               0x800'0659   0x34  Code  Gb  stm32f0xx_i2c.o [1]
I2C_GetFlagStatus        0x800'0751   0x1a  Code  Gb  stm32f0xx_i2c.o [1]
I2C_Init                 0x800'068d   0x5e  Code  Gb  stm32f0xx_i2c.o [1]
I2C_ReadReg              0x800'03d9  0x11c  Code  Gb  i2c.o [1]
I2C_ReceiveData          0x800'074b    0x6  Code  Gb  stm32f0xx_i2c.o [1]
I2C_SendData             0x800'0745    0x6  Code  Gb  stm32f0xx_i2c.o [1]
I2C_TransferHandling     0x800'070d   0x24  Code  Gb  stm32f0xx_i2c.o [1]
NMI_Handler              0x800'0979    0x2  Code  Gb  stm32f0xx_it.o [1]
PendSV_Handler           0x800'0981    0x2  Code  Gb  stm32f0xx_it.o [1]
RCC_AHBPeriphClockCmd    0x800'04f5   0x1c  Code  Gb  stm32f0xx_rcc.o [1]
RCC_APB1PeriphClockCmd   0x800'0511   0x1c  Code  Gb  stm32f0xx_rcc.o [1]
RCC_APB1PeriphResetCmd   0x800'052d   0x1c  Code  Gb  stm32f0xx_rcc.o [1]
Region$$Table$$Base      0x800'08f0          --   Gb  - Linker created -
Region$$Table$$Limit     0x800'0904          --   Gb  - Linker created -
SVC_Handler              0x800'097f    0x2  Code  Gb  stm32f0xx_it.o [1]
SetSysClock              0x800'0193   0x98  Code  Lc  system_stm32f0xx.o [1]
SysTick_Handler          0x800'0983    0x2  Code  Gb  stm32f0xx_it.o [1]
SystemCoreClock         0x2000'0000    0x4  Data  Gb  system_stm32f0xx.o [1]
SystemCoreClockUpdate    0x800'010d   0x86  Code  Gb  system_stm32f0xx.o [1]
SystemInit               0x800'00b5   0x58  Code  Gb  system_stm32f0xx.o [1]
__ICFEDIT_region_RAM_end__ {Abs}
                        0x2000'0fff         Data  Gb  <internal module>
__ICFEDIT_region_RAM_start__ {Abs}
                        0x2000'0000         Data  Gb  <internal module>
__aeabi_idiv             0x800'029d         Code  Gb  I32DivModFast.o [3]
__aeabi_idiv0            0x800'0351         Code  Gb  IntDivZer.o [3]
__aeabi_idivmod          0x800'029d         Code  Gb  I32DivModFast.o [3]
__aeabi_uidiv            0x800'02a3         Code  Gb  I32DivModFast.o [3]
__aeabi_uidivmod         0x800'02a3         Code  Gb  I32DivModFast.o [3]
__cmain                  0x800'0905         Code  Gb  cmain.o [3]
__exit                   0x800'0951   0x14  Code  Gb  exit.o [4]
__iar_copy_init3         0x800'0899   0x30  Code  Gb  copy_init3.o [3]
__iar_data_init3         0x800'08c9   0x28  Code  Gb  data_init.o [3]
__iar_program_start      0x800'0985         Code  Gb  cstartup_M.o [3]
__low_level_init         0x800'0923    0x4  Code  Gb  low_level_init.o [2]
__vector_table           0x800'0000         Data  Gb  startup_stm32f030.o [1]
_call_main               0x800'0911         Code  Gb  cmain.o [3]
_exit                    0x800'0945         Code  Gb  cexit.o [3]
_main                    0x800'091f         Code  Gb  cmain.o [3]
bcd2dec                  0x800'0771   0x28  Code  Gb  RTC.o [1]
exit                     0x800'093d    0x8  Code  Gb  exit.o [2]
i2c_config               0x800'0355   0x7c  Code  Gb  i2c.o [1]
main                     0x800'0927   0x16  Code  Gb  main.o [1]
readtime                 0x800'0799   0xbe  Code  Gb  RTC.o [1]


[1] = D:\IAR\i2c\Prroject1\Debug\Obj
[2] = dl6M_tln.a
[3] = rt6M_tl.a
[4] = shb_l.a

  2 448 bytes of readonly  code memory
     40 bytes of readonly  data memory
  1 044 bytes of readwrite data memory

Errors: none
Warnings: none
