###############################################################################
#
# IAR ELF Linker V8.30.1.114/W32 for ARM                  07/Jul/2018  11:46:42
# Copyright 2007-2018 IAR Systems AB.
#
#    Output file  =  D:\IAR\timer\Prroject1\Debug\Exe\Project.out
#    Map file     =  D:\IAR\timer\Prroject1\Debug\List\Project.map
#    Command line =  
#        -f C:\Users\1510379\AppData\Local\Temp\EWAA74.tmp
#        (D:\IAR\timer\Prroject1\Debug\Obj\main.o
#        D:\IAR\timer\Prroject1\Debug\Obj\startup_stm32f030.o
#        D:\IAR\timer\Prroject1\Debug\Obj\stm32f0xx_adc.o
#        D:\IAR\timer\Prroject1\Debug\Obj\stm32f0xx_can.o
#        D:\IAR\timer\Prroject1\Debug\Obj\stm32f0xx_cec.o
#        D:\IAR\timer\Prroject1\Debug\Obj\stm32f0xx_comp.o
#        D:\IAR\timer\Prroject1\Debug\Obj\stm32f0xx_crc.o
#        D:\IAR\timer\Prroject1\Debug\Obj\stm32f0xx_crs.o
#        D:\IAR\timer\Prroject1\Debug\Obj\stm32f0xx_dac.o
#        D:\IAR\timer\Prroject1\Debug\Obj\stm32f0xx_dbgmcu.o
#        D:\IAR\timer\Prroject1\Debug\Obj\stm32f0xx_dma.o
#        D:\IAR\timer\Prroject1\Debug\Obj\stm32f0xx_exti.o
#        D:\IAR\timer\Prroject1\Debug\Obj\stm32f0xx_flash.o
#        D:\IAR\timer\Prroject1\Debug\Obj\stm32f0xx_gpio.o
#        D:\IAR\timer\Prroject1\Debug\Obj\stm32f0xx_i2c.o
#        D:\IAR\timer\Prroject1\Debug\Obj\stm32f0xx_it.o
#        D:\IAR\timer\Prroject1\Debug\Obj\stm32f0xx_iwdg.o
#        D:\IAR\timer\Prroject1\Debug\Obj\stm32f0xx_misc.o
#        D:\IAR\timer\Prroject1\Debug\Obj\stm32f0xx_pwr.o
#        D:\IAR\timer\Prroject1\Debug\Obj\stm32f0xx_rcc.o
#        D:\IAR\timer\Prroject1\Debug\Obj\stm32f0xx_rtc.o
#        D:\IAR\timer\Prroject1\Debug\Obj\stm32f0xx_spi.o
#        D:\IAR\timer\Prroject1\Debug\Obj\stm32f0xx_syscfg.o
#        D:\IAR\timer\Prroject1\Debug\Obj\stm32f0xx_tim.o
#        D:\IAR\timer\Prroject1\Debug\Obj\stm32f0xx_usart.o
#        D:\IAR\timer\Prroject1\Debug\Obj\stm32f0xx_wwdg.o
#        D:\IAR\timer\Prroject1\Debug\Obj\system_stm32f0xx.o --no_out_extension
#        -o D:\IAR\timer\Prroject1\Debug\Exe\Project.out --map
#        D:\IAR\timer\Prroject1\Debug\List\Project.map --config "C:\Program
#        Files (x86)\IAR Systems\Embedded Workbench
#        8.1\arm\config\linker\ST\stm32f030x4.icf" --semihosting --entry
#        __iar_program_start --vfe --text_out locale)
#
###############################################################################

*******************************************************************************
*** RUNTIME MODEL ATTRIBUTES
***

CppFlavor       = *
__SystemLibrary = DLib
__dlib_version  = 6


*******************************************************************************
*** HEAP SELECTION
***

The basic heap was selected because no calls to memory allocation
functions were found in the application outside of system library
functions, and there are calls to deallocation functions in the
application.


*******************************************************************************
*** PLACEMENT SUMMARY
***

"A0":  place at 0x800'0000 { ro section .intvec };
"P1":  place in [from 0x800'0000 to 0x800'3fff] { ro };
define block CSTACK with size = 1K, alignment = 8 { };
define block HEAP with size = 1K, alignment = 8 { };
"P2":  place in [from 0x2000'0000 to 0x2000'0fff] {
          rw, block CSTACK, block HEAP };
initialize by copy { rw };

  Section            Kind         Address   Size  Object
  -------            ----         -------   ----  ------
"A0":                                       0xb4
  .intvec            ro code   0x800'0000   0xb4  startup_stm32f030.o [1]
                             - 0x800'00b4   0xb4

"P1":                                      0x6bd
  .text              ro code   0x800'00b4  0x154  stm32f0xx_tim.o [1]
  .text              ro code   0x800'0208  0x128  system_stm32f0xx.o [1]
  .text              ro code   0x800'0330  0x108  main.o [1]
  .text              ro code   0x800'0438   0xae  I32DivModFast.o [3]
  .text              ro code   0x800'04e6    0x2  startup_stm32f030.o [1]
  .text              ro code   0x800'04e8   0x40  stm32f0xx_rcc.o [1]
  .text              ro code   0x800'0528  0x102  stm32f0xx_gpio.o [1]
  .text              ro code   0x800'062a    0x2  startup_stm32f030.o [1]
  .text              ro code   0x800'062c    0x2  IntDivZer.o [3]
  .text              ro code   0x800'062e    0x2  startup_stm32f030.o [1]
  .text              ro code   0x800'0630   0x3c  startup_stm32f030.o [1]
  .text              ro code   0x800'066c   0x3c  packbits_init_single.o [3]
  .text              ro code   0x800'06a8   0x28  data_init.o [3]
  .iar.init_table    const     0x800'06d0   0x10  - Linker created -
  .text              ro code   0x800'06e0   0x1e  cmain.o [3]
  .text              ro code   0x800'06fe    0x4  low_level_init.o [2]
  .text              ro code   0x800'0702    0x8  exit.o [2]
  .text              ro code   0x800'070a    0x2  startup_stm32f030.o [1]
  .text              ro code   0x800'070c    0xa  cexit.o [3]
  .text              ro code   0x800'0716    0x2  startup_stm32f030.o [1]
  .text              ro code   0x800'0718   0x14  exit.o [4]
  .text              ro code   0x800'072c    0xc  stm32f0xx_it.o [1]
  .text              ro code   0x800'0738    0xc  cstartup_M.o [3]
  .text              ro code   0x800'0744    0x2  startup_stm32f030.o [1]
  .text              ro code   0x800'0746    0x2  startup_stm32f030.o [1]
  .text              ro code   0x800'0748    0x2  startup_stm32f030.o [1]
  .text              ro code   0x800'074a    0x2  startup_stm32f030.o [1]
  .text              ro code   0x800'074c    0x2  startup_stm32f030.o [1]
  .text              ro code   0x800'074e    0x2  startup_stm32f030.o [1]
  .text              ro code   0x800'0750    0x2  startup_stm32f030.o [1]
  .text              ro code   0x800'0752    0x2  startup_stm32f030.o [1]
  .text              ro code   0x800'0754    0x2  startup_stm32f030.o [1]
  .text              ro code   0x800'0756    0x2  startup_stm32f030.o [1]
  .text              ro code   0x800'0758    0x2  startup_stm32f030.o [1]
  .text              ro code   0x800'075a    0x2  startup_stm32f030.o [1]
  .text              ro code   0x800'075c    0x2  startup_stm32f030.o [1]
  .text              ro code   0x800'075e    0x2  startup_stm32f030.o [1]
  .text              ro code   0x800'0760    0x2  startup_stm32f030.o [1]
  .text              ro code   0x800'0762    0x2  startup_stm32f030.o [1]
  .text              ro code   0x800'0764    0x2  startup_stm32f030.o [1]
  .text              ro code   0x800'0766    0x2  startup_stm32f030.o [1]
  .text              ro code   0x800'0768    0x2  startup_stm32f030.o [1]
  .rodata            const     0x800'076a    0x0  packbits_init_single.o [3]
  Initializer bytes  const     0x800'076a    0x7  <for P2-1>
                             - 0x800'0771  0x6bd

"P2", part 1 of 2:                          0x1c
  P2-1                        0x2000'0000   0x1c  <Init block>
    .data            inited   0x2000'0000    0x4  system_stm32f0xx.o [1]
    .bss             inited   0x2000'0004   0x14  main.o [1]
    .bss             inited   0x2000'0018    0x2  main.o [1]
    .bss             inited   0x2000'001a    0x2  main.o [1]
                            - 0x2000'001c   0x1c

"P2", part 2 of 2:                         0x400
  CSTACK                      0x2000'0020  0x400  <Block>
    CSTACK           uninit   0x2000'0020  0x400  <Block tail>
                            - 0x2000'0420  0x400

Unused ranges:

         From           To    Size
         ----           --    ----
   0x800'0771   0x800'3fff  0x388f
  0x2000'001c  0x2000'001f     0x4
  0x2000'0420  0x2000'0fff   0xbe0


*******************************************************************************
*** INIT TABLE
***

          Address      Size
          -------      ----
Copy/packbits (__iar_packbits_init_single3)
    1 source range, total size 0x7 (25% of destination):
           0x800'076a   0x7
    1 destination range, total size 0x1c:
          0x2000'0000  0x1c



*******************************************************************************
*** MODULE SUMMARY
***

    Module                  ro code  ro data  rw data
    ------                  -------  -------  -------
command line/config:
    -------------------------------------------------
    Total:

D:\IAR\timer\Prroject1\Debug\Obj: [1]
    main.o                      264        6       24
    startup_stm32f030.o         288
    stm32f0xx_gpio.o            258
    stm32f0xx_it.o               12
    stm32f0xx_rcc.o              64
    stm32f0xx_tim.o             340
    system_stm32f0xx.o          296        1        4
    -------------------------------------------------
    Total:                    1 522        7       28

dl6M_tln.a: [2]
    exit.o                        8
    low_level_init.o              4
    -------------------------------------------------
    Total:                       12

rt6M_tl.a: [3]
    I32DivModFast.o             174
    IntDivZer.o                   2
    cexit.o                      10
    cmain.o                      30
    cstartup_M.o                 12
    data_init.o                  40
    packbits_init_single.o       60
    -------------------------------------------------
    Total:                      328

shb_l.a: [4]
    exit.o                       20
    -------------------------------------------------
    Total:                       20

    Linker created                        16    1 024
-----------------------------------------------------
    Grand Total:              1 882       23    1 052


*******************************************************************************
*** ENTRY LIST
***

Entry                       Address  Size  Type      Object
-----                       -------  ----  ----      ------
.iar.init_table$$Base    0x800'06d0         --   Gb  - Linker created -
.iar.init_table$$Limit   0x800'06e0         --   Gb  - Linker created -
?main                    0x800'06e1        Code  Gb  cmain.o [3]
CSTACK$$Base            0x2000'0020         --   Gb  - Linker created -
CSTACK$$Limit           0x2000'0420         --   Gb  - Linker created -
GPIO_Init                0x800'0529  0xa2  Code  Gb  stm32f0xx_gpio.o [1]
GPIO_PinAFConfig         0x800'05cb  0x60  Code  Gb  stm32f0xx_gpio.o [1]
HardFault_Handler        0x800'072f   0x4  Code  Gb  stm32f0xx_it.o [1]
NMI_Handler              0x800'072d   0x2  Code  Gb  stm32f0xx_it.o [1]
PendSV_Handler           0x800'0735   0x2  Code  Gb  stm32f0xx_it.o [1]
Pulse                   0x2000'001a   0x2  Data  Gb  main.o [1]
RCC_AHBPeriphClockCmd    0x800'04e9  0x1c  Code  Gb  stm32f0xx_rcc.o [1]
RCC_APB2PeriphClockCmd   0x800'0505  0x1c  Code  Gb  stm32f0xx_rcc.o [1]
Region$$Table$$Base      0x800'06d0         --   Gb  - Linker created -
Region$$Table$$Limit     0x800'06e0         --   Gb  - Linker created -
SVC_Handler              0x800'0733   0x2  Code  Gb  stm32f0xx_it.o [1]
SetSysClock              0x800'0261  0x98  Code  Lc  system_stm32f0xx.o [1]
SysTick_Handler          0x800'0737   0x2  Code  Gb  stm32f0xx_it.o [1]
SystemCoreClock         0x2000'0000   0x4  Data  Gb  system_stm32f0xx.o [1]
SystemInit               0x800'0209  0x58  Code  Gb  system_stm32f0xx.o [1]
TIM_Cmd                  0x800'010f  0x1c  Code  Gb  stm32f0xx_tim.o [1]
TIM_CtrlPWMOutputs       0x800'0139  0x26  Code  Gb  stm32f0xx_tim.o [1]
TIM_OC1Init              0x800'015f  0x72  Code  Gb  stm32f0xx_tim.o [1]
TIM_OCInitStruct        0x2000'0004  0x14  Data  Gb  main.o [1]
TIM_TimeBaseInit         0x800'00b5  0x5a  Code  Gb  stm32f0xx_tim.o [1]
TimerPeriod             0x2000'0018   0x2  Data  Gb  main.o [1]
__ICFEDIT_region_RAM_end__ {Abs}
                        0x2000'0fff        Data  Gb  <internal module>
__ICFEDIT_region_RAM_start__ {Abs}
                        0x2000'0000        Data  Gb  <internal module>
__aeabi_idiv0            0x800'062d        Code  Gb  IntDivZer.o [3]
__aeabi_uidiv            0x800'0439        Code  Gb  I32DivModFast.o [3]
__aeabi_uidivmod         0x800'0439        Code  Gb  I32DivModFast.o [3]
__cmain                  0x800'06e1        Code  Gb  cmain.o [3]
__exit                   0x800'0719  0x14  Code  Gb  exit.o [4]
__iar_data_init3         0x800'06a9  0x28  Code  Gb  data_init.o [3]
__iar_packbits_init_single3
                         0x800'066d  0x3c  Code  Gb  packbits_init_single.o [3]
__iar_program_start      0x800'0739        Code  Gb  cstartup_M.o [3]
__low_level_init         0x800'06ff   0x4  Code  Gb  low_level_init.o [2]
__vector_table           0x800'0000        Data  Gb  startup_stm32f030.o [1]
_call_main               0x800'06ed        Code  Gb  cmain.o [3]
_exit                    0x800'070d        Code  Gb  cexit.o [3]
_main                    0x800'06fb        Code  Gb  cmain.o [3]
exit                     0x800'0703   0x8  Code  Gb  exit.o [2]
main                     0x800'0331  0x50  Code  Gb  main.o [1]
pwm_config               0x800'0381  0xa0  Code  Gb  main.o [1]


[1] = D:\IAR\timer\Prroject1\Debug\Obj
[2] = dl6M_tln.a
[3] = rt6M_tl.a
[4] = shb_l.a

  1 882 bytes of readonly  code memory
     23 bytes of readonly  data memory
  1 052 bytes of readwrite data memory

Errors: none
Warnings: none
