###############################################################################
#
# IAR ELF Linker V8.30.1.114/W32 for ARM                  03/Jul/2018  14:46:55
# Copyright 2007-2018 IAR Systems AB.
#
#    Output file  =  D:\IAR\gpio\Prroject1\Debug\Exe\Project.out
#    Map file     =  D:\IAR\gpio\Prroject1\Debug\List\Project.map
#    Command line =  
#        -f C:\Users\1510379\AppData\Local\Temp\EW373E.tmp
#        (D:\IAR\gpio\Prroject1\Debug\Obj\led7.o
#        D:\IAR\gpio\Prroject1\Debug\Obj\main.o
#        D:\IAR\gpio\Prroject1\Debug\Obj\startup_stm32f030.o
#        D:\IAR\gpio\Prroject1\Debug\Obj\stm32f0xx_adc.o
#        D:\IAR\gpio\Prroject1\Debug\Obj\stm32f0xx_can.o
#        D:\IAR\gpio\Prroject1\Debug\Obj\stm32f0xx_cec.o
#        D:\IAR\gpio\Prroject1\Debug\Obj\stm32f0xx_comp.o
#        D:\IAR\gpio\Prroject1\Debug\Obj\stm32f0xx_crc.o
#        D:\IAR\gpio\Prroject1\Debug\Obj\stm32f0xx_crs.o
#        D:\IAR\gpio\Prroject1\Debug\Obj\stm32f0xx_dac.o
#        D:\IAR\gpio\Prroject1\Debug\Obj\stm32f0xx_dbgmcu.o
#        D:\IAR\gpio\Prroject1\Debug\Obj\stm32f0xx_dma.o
#        D:\IAR\gpio\Prroject1\Debug\Obj\stm32f0xx_exti.o
#        D:\IAR\gpio\Prroject1\Debug\Obj\stm32f0xx_flash.o
#        D:\IAR\gpio\Prroject1\Debug\Obj\stm32f0xx_gpio.o
#        D:\IAR\gpio\Prroject1\Debug\Obj\stm32f0xx_i2c.o
#        D:\IAR\gpio\Prroject1\Debug\Obj\stm32f0xx_it.o
#        D:\IAR\gpio\Prroject1\Debug\Obj\stm32f0xx_iwdg.o
#        D:\IAR\gpio\Prroject1\Debug\Obj\stm32f0xx_misc.o
#        D:\IAR\gpio\Prroject1\Debug\Obj\stm32f0xx_pwr.o
#        D:\IAR\gpio\Prroject1\Debug\Obj\stm32f0xx_rcc.o
#        D:\IAR\gpio\Prroject1\Debug\Obj\stm32f0xx_rtc.o
#        D:\IAR\gpio\Prroject1\Debug\Obj\stm32f0xx_spi.o
#        D:\IAR\gpio\Prroject1\Debug\Obj\stm32f0xx_syscfg.o
#        D:\IAR\gpio\Prroject1\Debug\Obj\stm32f0xx_tim.o
#        D:\IAR\gpio\Prroject1\Debug\Obj\stm32f0xx_usart.o
#        D:\IAR\gpio\Prroject1\Debug\Obj\stm32f0xx_wwdg.o
#        D:\IAR\gpio\Prroject1\Debug\Obj\system_stm32f0xx.o --no_out_extension
#        -o D:\IAR\gpio\Prroject1\Debug\Exe\Project.out --map
#        D:\IAR\gpio\Prroject1\Debug\List\Project.map --config "C:\Program
#        Files (x86)\IAR Systems\Embedded Workbench
#        8.1\arm\config\linker\ST\stm32f030x4.icf" --semihosting --entry
#        __iar_program_start --vfe --text_out locale)
#
###############################################################################

*******************************************************************************
*** RUNTIME MODEL ATTRIBUTES
***

CppFlavor       = *
__SystemLibrary = DLib
__dlib_version  = 6


*******************************************************************************
*** HEAP SELECTION
***

The basic heap was selected because no calls to memory allocation
functions were found in the application outside of system library
functions, and there are calls to deallocation functions in the
application.


*******************************************************************************
*** PLACEMENT SUMMARY
***

"A0":  place at 0x800'0000 { ro section .intvec };
"P1":  place in [from 0x800'0000 to 0x800'3fff] { ro };
define block CSTACK with size = 1K, alignment = 8 { };
define block HEAP with size = 1K, alignment = 8 { };
"P2":  place in [from 0x2000'0000 to 0x2000'0fff] {
          rw, block CSTACK, block HEAP };
initialize by copy { rw };

  Section            Kind         Address    Size  Object
  -------            ----         -------    ----  ------
"A0":                                        0xb4
  .intvec            ro code   0x800'0000    0xb4  startup_stm32f030.o [1]
                             - 0x800'00b4    0xb4

"P1":                                      0x11b8
  .text              ro code   0x800'00b4   0xcb2  led7.o [1]
  .text              ro code   0x800'0d66     0x2  startup_stm32f030.o [1]
  .text              ro code   0x800'0d68    0xac  stm32f0xx_gpio.o [1]
  .text              ro code   0x800'0e14    0x20  stm32f0xx_rcc.o [1]
  .text              ro code   0x800'0e34    0xe0  I32DivModFast.o [3]
  .text              ro code   0x800'0f14     0x2  IntDivZer.o [3]
  .text              ro code   0x800'0f16     0x2  startup_stm32f030.o [1]
  .text              ro code   0x800'0f18   0x1bc  system_stm32f0xx.o [1]
  .text              ro code   0x800'10d4    0x50  main.o [1]
  .text              ro code   0x800'1124    0x3c  startup_stm32f030.o [1]
  .text              ro code   0x800'1160    0x30  copy_init3.o [3]
  .text              ro code   0x800'1190    0x28  data_init.o [3]
  .iar.init_table    const     0x800'11b8    0x14  - Linker created -
  .text              ro code   0x800'11cc    0x1e  cmain.o [3]
  .text              ro code   0x800'11ea     0x4  low_level_init.o [2]
  .text              ro code   0x800'11ee     0x8  exit.o [2]
  .text              ro code   0x800'11f6     0x2  startup_stm32f030.o [1]
  .text              ro code   0x800'11f8     0xa  cexit.o [3]
  .text              ro code   0x800'1202     0x2  startup_stm32f030.o [1]
  .text              ro code   0x800'1204    0x14  exit.o [4]
  Initializer bytes  const     0x800'1218    0x14  <for P2-1>
  .text              ro code   0x800'122c     0xc  stm32f0xx_it.o [1]
  .text              ro code   0x800'1238     0xc  cstartup_M.o [3]
  .text              ro code   0x800'1244     0x2  startup_stm32f030.o [1]
  .text              ro code   0x800'1246     0x2  startup_stm32f030.o [1]
  .text              ro code   0x800'1248     0x2  startup_stm32f030.o [1]
  .text              ro code   0x800'124a     0x2  startup_stm32f030.o [1]
  .text              ro code   0x800'124c     0x2  startup_stm32f030.o [1]
  .text              ro code   0x800'124e     0x2  startup_stm32f030.o [1]
  .text              ro code   0x800'1250     0x2  startup_stm32f030.o [1]
  .text              ro code   0x800'1252     0x2  startup_stm32f030.o [1]
  .text              ro code   0x800'1254     0x2  startup_stm32f030.o [1]
  .text              ro code   0x800'1256     0x2  startup_stm32f030.o [1]
  .text              ro code   0x800'1258     0x2  startup_stm32f030.o [1]
  .text              ro code   0x800'125a     0x2  startup_stm32f030.o [1]
  .text              ro code   0x800'125c     0x2  startup_stm32f030.o [1]
  .text              ro code   0x800'125e     0x2  startup_stm32f030.o [1]
  .text              ro code   0x800'1260     0x2  startup_stm32f030.o [1]
  .text              ro code   0x800'1262     0x2  startup_stm32f030.o [1]
  .text              ro code   0x800'1264     0x2  startup_stm32f030.o [1]
  .text              ro code   0x800'1266     0x2  startup_stm32f030.o [1]
  .text              ro code   0x800'1268     0x2  startup_stm32f030.o [1]
  .text              ro code   0x800'126a     0x2  startup_stm32f030.o [1]
  .rodata            const     0x800'126c     0x0  copy_init3.o [3]
                             - 0x800'126c  0x11b8

"P2", part 1 of 2:                           0x14
  P2-1                        0x2000'0000    0x14  <Init block>
    .data            inited   0x2000'0000     0x4  system_stm32f0xx.o [1]
    .data            inited   0x2000'0004    0x10  system_stm32f0xx.o [1]
                            - 0x2000'0014    0x14

"P2", part 2 of 2:                          0x400
  CSTACK                      0x2000'0018   0x400  <Block>
    CSTACK           uninit   0x2000'0018   0x400  <Block tail>
                            - 0x2000'0418   0x400

Unused ranges:

         From           To    Size
         ----           --    ----
   0x800'126c   0x800'3fff  0x2d94
  0x2000'0014  0x2000'0017     0x4
  0x2000'0418  0x2000'0fff   0xbe8


*******************************************************************************
*** INIT TABLE
***

          Address      Size
          -------      ----
Copy (__iar_copy_init3)
    1 source range, total size 0x14:
           0x800'1218  0x14
    1 destination range, total size 0x14:
          0x2000'0000  0x14



*******************************************************************************
*** MODULE SUMMARY
***

    Module               ro code  ro data  rw data
    ------               -------  -------  -------
command line/config:
    ----------------------------------------------
    Total:

D:\IAR\gpio\Prroject1\Debug\Obj: [1]
    led7.o                 3 250
    main.o                    80
    startup_stm32f030.o      288
    stm32f0xx_gpio.o         172
    stm32f0xx_it.o            12
    stm32f0xx_rcc.o           32
    system_stm32f0xx.o       444       20       20
    ----------------------------------------------
    Total:                 4 278       20       20

dl6M_tln.a: [2]
    exit.o                     8
    low_level_init.o           4
    ----------------------------------------------
    Total:                    12

rt6M_tl.a: [3]
    I32DivModFast.o          224
    IntDivZer.o                2
    cexit.o                   10
    cmain.o                   30
    copy_init3.o              48
    cstartup_M.o              12
    data_init.o               40
    ----------------------------------------------
    Total:                   366

shb_l.a: [4]
    exit.o                    20
    ----------------------------------------------
    Total:                    20

    Linker created                     20    1 024
--------------------------------------------------
    Grand Total:           4 676       40    1 044


*******************************************************************************
*** ENTRY LIST
***

Entry                       Address   Size  Type      Object
-----                       -------   ----  ----      ------
.iar.init_table$$Base    0x800'11b8          --   Gb  - Linker created -
.iar.init_table$$Limit   0x800'11cc          --   Gb  - Linker created -
?main                    0x800'11cd         Code  Gb  cmain.o [3]
AHBPrescTable           0x2000'0004   0x10  Data  Gb  system_stm32f0xx.o [1]
CSTACK$$Base            0x2000'0018          --   Gb  - Linker created -
CSTACK$$Limit           0x2000'0418          --   Gb  - Linker created -
GPIO_Init                0x800'0d69   0xa2  Code  Gb  stm32f0xx_gpio.o [1]
GPIO_ResetBits           0x800'0e11    0x4  Code  Gb  stm32f0xx_gpio.o [1]
GPIO_SetBits             0x800'0e0b    0x6  Code  Gb  stm32f0xx_gpio.o [1]
GPIO_setup               0x800'0c93   0x2c  Code  Gb  led7.o [1]
HardFault_Handler        0x800'122f    0x4  Code  Gb  stm32f0xx_it.o [1]
NMI_Handler              0x800'122d    0x2  Code  Gb  stm32f0xx_it.o [1]
PendSV_Handler           0x800'1235    0x2  Code  Gb  stm32f0xx_it.o [1]
RCC_AHBPeriphClockCmd    0x800'0e15   0x1c  Code  Gb  stm32f0xx_rcc.o [1]
Region$$Table$$Base      0x800'11b8          --   Gb  - Linker created -
Region$$Table$$Limit     0x800'11cc          --   Gb  - Linker created -
SVC_Handler              0x800'1233    0x2  Code  Gb  stm32f0xx_it.o [1]
SetSysClock              0x800'0ff7   0x98  Code  Lc  system_stm32f0xx.o [1]
SysTick_Handler          0x800'1237    0x2  Code  Gb  stm32f0xx_it.o [1]
SystemCoreClock         0x2000'0000    0x4  Data  Gb  system_stm32f0xx.o [1]
SystemCoreClockUpdate    0x800'0f71   0x86  Code  Gb  system_stm32f0xx.o [1]
SystemInit               0x800'0f19   0x58  Code  Gb  system_stm32f0xx.o [1]
__ICFEDIT_region_RAM_end__ {Abs}
                        0x2000'0fff         Data  Gb  <internal module>
__ICFEDIT_region_RAM_start__ {Abs}
                        0x2000'0000         Data  Gb  <internal module>
__aeabi_idiv             0x800'0e61         Code  Gb  I32DivModFast.o [3]
__aeabi_idiv0            0x800'0f15         Code  Gb  IntDivZer.o [3]
__aeabi_idivmod          0x800'0e61         Code  Gb  I32DivModFast.o [3]
__aeabi_uidiv            0x800'0e67         Code  Gb  I32DivModFast.o [3]
__aeabi_uidivmod         0x800'0e67         Code  Gb  I32DivModFast.o [3]
__cmain                  0x800'11cd         Code  Gb  cmain.o [3]
__exit                   0x800'1205   0x14  Code  Gb  exit.o [4]
__iar_copy_init3         0x800'1161   0x30  Code  Gb  copy_init3.o [3]
__iar_data_init3         0x800'1191   0x28  Code  Gb  data_init.o [3]
__iar_program_start      0x800'1239         Code  Gb  cstartup_M.o [3]
__low_level_init         0x800'11eb    0x4  Code  Gb  low_level_init.o [2]
__vector_table           0x800'0000         Data  Gb  startup_stm32f030.o [1]
_call_main               0x800'11d9         Code  Gb  cmain.o [3]
_exit                    0x800'11f9         Code  Gb  cexit.o [3]
_main                    0x800'11e7         Code  Gb  cmain.o [3]
exit                     0x800'11ef    0x8  Code  Gb  exit.o [2]
hienso                   0x800'0cd7   0x90  Code  Gb  led7.o [1]
led_chuc                 0x800'017d   0xc8  Code  Gb  led7.o [1]
led_donvi                0x800'00b5   0xc8  Code  Gb  led7.o [1]
led_nghin                0x800'030d   0xc8  Code  Gb  led7.o [1]
led_tram                 0x800'0245   0xc8  Code  Gb  led7.o [1]
main                     0x800'10d5   0x50  Code  Gb  main.o [1]
so                       0x800'03d5  0x8be  Code  Gb  led7.o [1]
write_led                0x800'0cbf   0x18  Code  Gb  led7.o [1]


[1] = D:\IAR\gpio\Prroject1\Debug\Obj
[2] = dl6M_tln.a
[3] = rt6M_tl.a
[4] = shb_l.a

  4 676 bytes of readonly  code memory
     40 bytes of readonly  data memory
  1 044 bytes of readwrite data memory

Errors: none
Warnings: none
